I'm sorry, but errors were detected in your script. Please correct the
errors listed below, and try again.


File "game/script.rpy", line 44: end of line expected.
    scene bg background.png
                       ^

Ren'Py Version: Ren'Py 8.1.3.23091805
Wed Oct 11 22:38:03 2023
